../Core/Src/main.c:89:13:update_adc_leds	16	static
../Core/Src/main.c:100:13:show_status_on_lcd	48	static
../Core/Src/main.c:145:6:set_motor_speed	16	static
../Core/Src/main.c:156:6:HAL_GPIO_EXTI_Callback	24	static
../Core/Src/main.c:214:5:main	8	static
../Core/Src/main.c:275:6:SystemClock_Config	88	static
../Core/Src/main.c:319:13:MX_ADC1_Init	24	static
../Core/Src/main.c:366:13:MX_TIM2_Init	32	static
../Core/Src/main.c:411:13:MX_TIM3_Init	64	static
../Core/Src/main.c:470:13:MX_GPIO_Init	40	static
../Core/Src/main.c:536:6:HAL_TIM_PeriodElapsedCallback	16	static
../Core/Src/main.c:604:6:Error_Handler	4	static,ignoring_inline_asm
